QAflisp - FLISP Absolute crossassembler, Version 1.0
(c) GMV 1989-2015


File: rotHastighet4b.lst
FB                      1. Outport:	EQU	$FB
FC                      2. Inport:		EQU	$FC
70                      3. StateIndex	EQU	$70
                        4. 
20                      5. 		org	$20
20 92 10                6. 		ldsp	#$10
22 F0 00                7. 		lda	#$00
24 E1 70                8. 		sta	StateIndex
26 90 80                9. 		ldx	#StateVector
28 34 33               10. Start:		jsr	Delay
2A F1 70               11. 		lda	StateIndex
2C F4                  12. 		lda	A,X
2D E1 FB               13. 		sta	Outport
2F 34 41               14. 		jsr	NextState
31 21 F5               15. 		bra	Start
                       16. 
33 10                  17. Delay:		psha
34 13                  18. 		pshc
35 F1 FC               19. 		lda	Inport
37 24 05               20. Decrease:	beq	Jump
39 08                  21. 		deca
3A 24 02               22. 		beq	Jump
3C 21 F9               23. 		bra	Decrease
3E 17                  24. Jump:		pulc
3F 14                  25. 		pula
40 43                  26. 		rts
                       27. 
41 10                  28. NextState:	psha
42 13                  29. 		pshc
43 F1 70               30. 		lda	StateIndex
45 07                  31. 		inca
46 99 03               32. 		anda	#$03
48 E1 70               33. 		sta	StateIndex
4A 17                  34. 		pulc
4B 14                  35. 		pula
4C 43                  36. 		rts
                       37. 
80                     38. 		org	$80
80 05 06 0A 09         39. StateVector	FCB	$05,$06,$0A,$09